
12508@LAPTOP-T8UC34P9 MINGW64 ~/OneDrive - University of Victoria/Github/webpage
$ git clone https://github.com/anjucodes/anjucodes.github.io.git
Cloning into 'anjucodes.github.io'...
fatal: protocol 'https' is not supported

12508@LAPTOP-T8UC34P9 MINGW64 ~/OneDrive - University of Victoria/Github/webpage
$ git clone  https://github.com/anjucodes/anjucodes.github.io.git
Cloning into 'anjucodes.github.io'...
fatal: protocol 'https' is not supported

12508@LAPTOP-T8UC34P9 MINGW64 ~/OneDrive - University of Victoria/Github/webpage
$ ^C

12508@LAPTOP-T8UC34P9 MINGW64 ~/OneDrive - University of Victoria/Github/webpage
$ git clone Cloning into 'anjucodes.github.io'...
fatal: Too many arguments.

usage: git clone [<options>] [--] <repo> [<dir>]

    -v, --verbose         be more verbose
    -q, --quiet           be more quiet
    --progress            force progress reporting
    -n, --no-checkout     don't create a checkout
    --bare                create a bare repository
    --mirror              create a mirror repository (implies bare)
    -l, --local           to clone from a local repository
    --no-hardlinks        don't use local hardlinks, always copy
    -s, --shared          setup as shared repository
    --recursive ...       alias of --recurse-submodules
    --recurse-submodules[=<pathspec>]
                          initialize submodules in the clone
    -j, --jobs <n>        number of submodules cloned in parallel
    --template <template-directory>
                          directory from which templates will be used
    --reference <repo>    reference repository
    --reference-if-able <repo>
                          reference repository
    --dissociate          use --reference only while cloning
    -o, --origin <name>   use <name> instead of 'origin' to track upstream
    -b, --branch <branch>
                          checkout <branch> instead of the remote's HEAD
    -u, --upload-pack <path>
                          path to git-upload-pack on the remote
    --depth <depth>       create a shallow clone of that depth
    --shallow-since <time>
                          create a shallow clone since a specific time
    --shallow-exclude <revision>
                          deepen history of shallow clone, excluding rev
    --single-branch       clone only one branch, HEAD or --branch
    --no-tags             don't clone any tags, and make later fetches not to follow them
    --shallow-submodules  any cloned submodules will be shallow
    --separate-git-dir <gitdir>
                          separate git dir from working tree
    -c, --config <key=value>
                          set config inside the new repository
    --server-option <server-specific>
                          option to transmit
    -4, --ipv4            use IPv4 addresses only
    -6, --ipv6            use IPv6 addresses only
    --filter <args>       object filtering
    --remote-submodules   any cloned submodules will use their remote-tracking branch
    --sparse              initialize sparse-checkout file to include only files at root


12508@LAPTOP-T8UC34P9 MINGW64 ~/OneDrive - University of Victoria/Github/webpage
$ fatal: protocol 'https' is not supported
bash: fatal:: command not found

12508@LAPTOP-T8UC34P9 MINGW64 ~/OneDrive - University of Victoria/Github/webpage
$ git clone https://github.com/anjucodes/anjucodes.github.io.git
Cloning into 'anjucodes.github.io'...
remote: Enumerating objects: 100, done.
remote: Counting objects: 100% (100/100), done.
remote: Compressing objects: 100% (79/79), done.
remote: Total 100 (delta 21), reused 98 (delta 19), pack-reused 0
Receiving objects: 100% (100/100), 2.09 MiB | 2.37 MiB/s, done.
Resolving deltas: 100% (21/21), done.

12508@LAPTOP-T8UC34P9 MINGW64 ~/OneDrive - University of Victoria/Github/webpage
$ git status
fatal: not a git repository (or any of the parent directories): .git

12508@LAPTOP-T8UC34P9 MINGW64 ~/OneDrive - University of Victoria/Github/webpage
$ ls
anjucodes.github.io/

12508@LAPTOP-T8UC34P9 MINGW64 ~/OneDrive - University of Victoria/Github/webpage
$ cd anjucodes.github.io/

12508@LAPTOP-T8UC34P9 MINGW64 ~/OneDrive - University of Victoria/Github/webpage/anjucodes.github.io (master)
$

12508@LAPTOP-T8UC34P9 MINGW64 ~/OneDrive - University of Victoria/Github/webpage/anjucodes.github.io (master)
$ git status
On branch master
Your branch is up to date with 'origin/master'.

Changes not staged for commit:
  (use "git add <file>..." to update what will be committed)
  (use "git restore <file>..." to discard changes in working directory)
        modified:   index.html

no changes added to commit (use "git add" and/or "git commit -a")

12508@LAPTOP-T8UC34P9 MINGW64 ~/OneDrive - University of Victoria/Github/webpage/anjucodes.github.io (master)
$ git add index.html

12508@LAPTOP-T8UC34P9 MINGW64 ~/OneDrive - University of Victoria/Github/webpage/anjucodes.github.io (master)
$ git status
On branch master
Your branch is up to date with 'origin/master'.

Changes to be committed:
  (use "git restore --staged <file>..." to unstage)
        modified:   index.html


12508@LAPTOP-T8UC34P9 MINGW64 ~/OneDrive - University of Victoria/Github/webpage/anjucodes.github.io (master)
$ git commit -m "changed address"

*** Please tell me who you are.

Run

  git config --global user.email "you@example.com"
  git config --global user.name "Your Name"

to set your account's default identity.
Omit --global to set the identity only in this repository.

fatal: unable to auto-detect email address (got '12508@LAPTOP-T8UC34P9.(none)')

12508@LAPTOP-T8UC34P9 MINGW64 ~/OneDrive - University of Victoria/Github/webpage/anjucodes.github.io (master)
$ ^C

12508@LAPTOP-T8UC34P9 MINGW64 ~/OneDrive - University of Victoria/Github/webpage/anjucodes.github.io (master)
$  git config --global user.email "anjurkrishnan9@gmail.com"

12508@LAPTOP-T8UC34P9 MINGW64 ~/OneDrive - University of Victoria/Github/webpage/anjucodes.github.io (master)
$  git config --global user.name "Your Name"

12508@LAPTOP-T8UC34P9 MINGW64 ~/OneDrive - University of Victoria/Github/webpage/anjucodes.github.io (master)
$  git config --global user.name "Anjucodes"

12508@LAPTOP-T8UC34P9 MINGW64 ~/OneDrive - University of Victoria/Github/webpage/anjucodes.github.io (master)
$ git commit -m "changed address"
[master b6c8eee] changed address
 1 file changed, 1 insertion(+), 1 deletion(-)

12508@LAPTOP-T8UC34P9 MINGW64 ~/OneDrive - University of Victoria/Github/webpage/anjucodes.github.io (master)
$ git status
On branch master
Your branch is ahead of 'origin/master' by 1 commit.
  (use "git push" to publish your local commits)

nothing to commit, working tree clean

12508@LAPTOP-T8UC34P9 MINGW64 ~/OneDrive - University of Victoria/Github/webpage/anjucodes.github.io (master)
$ git push origin
Enumerating objects: 5, done.
Counting objects: 100% (5/5), done.
Delta compression using up to 8 threads
Compressing objects: 100% (3/3), done.
Writing objects: 100% (3/3), 312 bytes | 156.00 KiB/s, done.
Total 3 (delta 2), reused 0 (delta 0)
remote: Resolving deltas: 100% (2/2), completed with 2 local objects.
To https://github.com/anjucodes/anjucodes.github.io.git
   9181bfd..b6c8eee  master -> master

12508@LAPTOP-T8UC34P9 MINGW64 ~/OneDrive - University of Victoria/Github/webpage/anjucodes.github.io (master)
